  main.cpp
C:\Users\thebi\source\repos\bengine\bengine\headers\shader.h(120,55): warning C4244: 'argument': conversion from 'float' to 'GLint', possible loss of data
  (compiling source file 'main/main.cpp')
  
C:\Users\thebi\source\repos\bengine\bengine\headers\my_texture.h(41,34): warning C4553: '==': result of expression not used; did you intend '='?
  (compiling source file 'main/main.cpp')
  
C:\Users\thebi\source\repos\bengine\bengine\headers\my_texture.h(42,39): warning C4553: '==': result of expression not used; did you intend '='?
  (compiling source file 'main/main.cpp')
  
C:\Users\thebi\source\repos\bengine\bengine\headers\my_texture.h(43,39): warning C4553: '==': result of expression not used; did you intend '='?
  (compiling source file 'main/main.cpp')
  
C:\Users\thebi\source\repos\bengine\bengine\headers\my_camera.h(13,11): warning C4244: '=': conversion from 'double' to 'float', possible loss of data
  (compiling source file 'main/main.cpp')
  
C:\Users\thebi\source\repos\bengine\bengine\headers\my_camera.h(14,11): warning C4244: '=': conversion from 'double' to 'float', possible loss of data
  (compiling source file 'main/main.cpp')
  
C:\Users\thebi\source\repos\bengine\bengine\headers\my_camera.h(19,16): warning C4244: 'initializing': conversion from 'double' to 'float', possible loss of data
  (compiling source file 'main/main.cpp')
  
C:\Users\thebi\source\repos\bengine\bengine\headers\my_camera.h(20,16): warning C4244: 'initializing': conversion from 'double' to 'float', possible loss of data
  (compiling source file 'main/main.cpp')
  
C:\Users\thebi\source\repos\bengine\bengine\headers\my_camera.h(21,10): warning C4244: '=': conversion from 'double' to 'float', possible loss of data
  (compiling source file 'main/main.cpp')
  
C:\Users\thebi\source\repos\bengine\bengine\headers\my_camera.h(22,10): warning C4244: '=': conversion from 'double' to 'float', possible loss of data
  (compiling source file 'main/main.cpp')
  
C:\Users\thebi\source\repos\bengine\bengine\headers\my_camera.h(41,2): error C2065: 'cameraFront': undeclared identifier
  (compiling source file 'main/main.cpp')
  
C:\Users\thebi\source\repos\bengine\bengine\main\main.cpp(26,7): error C2374: 'pitch': redefinition; multiple initialization
      C:\Users\thebi\source\repos\bengine\bengine\headers\my_camera.h(6,7):
      see declaration of 'pitch'
  
C:\Users\thebi\source\repos\bengine\bengine\main\main.cpp(26,7): error C2086: 'float pitch': redefinition
      C:\Users\thebi\source\repos\bengine\bengine\headers\my_camera.h(6,7):
      see declaration of 'pitch'
  
C:\Users\thebi\source\repos\bengine\bengine\main\main.cpp(26,21): error C2374: 'yaw': redefinition; multiple initialization
      C:\Users\thebi\source\repos\bengine\bengine\headers\my_camera.h(6,21):
      see declaration of 'yaw'
  
C:\Users\thebi\source\repos\bengine\bengine\main\main.cpp(26,21): error C2086: 'float yaw': redefinition
      C:\Users\thebi\source\repos\bengine\bengine\headers\my_camera.h(6,21):
      see declaration of 'yaw'
  
C:\Users\thebi\source\repos\bengine\bengine\main\main.cpp(56,7): error C2374: 'lastX': redefinition; multiple initialization
      C:\Users\thebi\source\repos\bengine\bengine\headers\my_camera.h(7,7):
      see declaration of 'lastX'
  
C:\Users\thebi\source\repos\bengine\bengine\main\main.cpp(56,7): error C2086: 'float lastX': redefinition
      C:\Users\thebi\source\repos\bengine\bengine\headers\my_camera.h(7,7):
      see declaration of 'lastX'
  
C:\Users\thebi\source\repos\bengine\bengine\main\main.cpp(56,32): error C2374: 'lastY': redefinition; multiple initialization
      C:\Users\thebi\source\repos\bengine\bengine\headers\my_camera.h(7,23):
      see declaration of 'lastY'
  
C:\Users\thebi\source\repos\bengine\bengine\main\main.cpp(56,32): error C2086: 'float lastY': redefinition
      C:\Users\thebi\source\repos\bengine\bengine\headers\my_camera.h(7,23):
      see declaration of 'lastY'
  
C:\Users\thebi\source\repos\bengine\bengine\main\main.cpp(57,6): error C2374: 'firstMouse': redefinition; multiple initialization
      C:\Users\thebi\source\repos\bengine\bengine\headers\my_camera.h(8,6):
      see declaration of 'firstMouse'
  
C:\Users\thebi\source\repos\bengine\bengine\main\main.cpp(57,6): error C2086: 'bool firstMouse': redefinition
      C:\Users\thebi\source\repos\bengine\bengine\headers\my_camera.h(8,6):
      see declaration of 'firstMouse'
  
C:\Users\thebi\source\repos\bengine\bengine\main\main.cpp(62,11): warning C4244: '=': conversion from 'double' to 'float', possible loss of data
C:\Users\thebi\source\repos\bengine\bengine\main\main.cpp(63,11): warning C4244: '=': conversion from 'double' to 'float', possible loss of data
C:\Users\thebi\source\repos\bengine\bengine\main\main.cpp(68,16): warning C4244: 'initializing': conversion from 'double' to 'float', possible loss of data
C:\Users\thebi\source\repos\bengine\bengine\main\main.cpp(69,16): warning C4244: 'initializing': conversion from 'double' to 'float', possible loss of data
C:\Users\thebi\source\repos\bengine\bengine\main\main.cpp(70,10): warning C4244: '=': conversion from 'double' to 'float', possible loss of data
C:\Users\thebi\source\repos\bengine\bengine\main\main.cpp(71,10): warning C4244: '=': conversion from 'double' to 'float', possible loss of data
